###########
#
# testlist can be extracted from existing tests with:
#
#    cd ../src/transformers/__tests__
#    grep '// Request: ' * | sed -e s/'\(.*\).......Request: \(.*\)}/\2,"createTest":"\1"}/' | sort
# (and remove '"pretty":true,')
#
# The tests are regenerated with ./apitest.sh createTest
#
# Some of these are commented out, as they need manual intervention, i.e. 
# order (userid/pin and service-state)
# user-id (due to salted hash, which becomes invalid for XXXXX user)
# libraries (which needs to be run individually on a newly started serviceprovider, to get mock-data that are otherwise cached).
#
###########
events {"fields":["title","changed","nid","field_ding_event_title_image"],"createTest":"events"}
facets {"q":"aQueryMatchingNothing","createTest":"facets_noresult"}
facets {"q":"harry AND potter","fields":["creator"],"limit":0,"createTest":"facets_zero_limit"}
facets {"q":"harry AND potter","fields":["creator"],"limit":-1,"createTest":"facets_negative_limit"}
facets {"q":"harry AND potter","fields":["creator"],"limit":20,"createTest":"facets_high_limit"}
facets {"q":"harry","createTest":"facets_simple"}
facets {"q":"invalid cql","createTest":"facets_invalid_cql"}
facets {"q":"ost","fields":["access","acSource","audience","audienceCategory","branch","category","creator","creatorFunction","date","department","dk5","extraTitles","fictionSubject","form","gamePlatform","genre","genreCategory","geographic","language","level","let","literaryForm","lix","musicSubject","nationality","nonFictionSubject","partOf","period","primaryCreator","sheetMusic","subject","titleSeries","type"],"limit":2,"createTest":"facets_all"}
#libraries {"agencyIds":["717500"],"fields":["agencyId","orderParameters"],"createTest":"libraries_000_agencyIds"}
# = curl 'http://localhost:8080/v0/libraries?access_token=qwerty&agencyIds=\["717500"\]&fields=agencyId,orderParameters&createTest=libraries_000_agencyIds'
#libraries {"branchIds":["717500","717501","717502"],"fields":["agencyId","branchId","orderParameters"],"createTest":"libraries_branchIds"}
# = curl 'http://localhost:8080/v0/libraries?access_token=qwerty&branchIds=\["717500","717501","717502"\]&fields=agencyId,branchId,orderParameters&createTest=libraries_branchIds'
#libraries {"fields":["branchId","city","geolocation"],"createTest":"libraries_all.js_nol"}
# = curl 'http://localhost:8080/v0/libraries?access_token=qwerty&fields=branchId,city,geolocation&createTest=libraries_all.js_nol'
news {"fields":["title","changed","nid","field_ding_news_list_image"],"createTest":"news"}
news {"nids":["19","40"],"fields":["title","changed","nid","field_ding_news_list_image"],"createTest":"news_nids"}
#order {"orderId":"Hold:NCIPMDAxOXwxNS0wNC0yMDE1IDE1OjUzOjE4fHxLb21wdXRlciBmb3IgYWxsZXx8MjAxNSwgMDJ8MQ==","delete":true,"createTest":"order-delete-existing-order"}
order {"orderId":"non-existing","delete":true,"createTest":"order-delete-non-existing-order"}
#order {"pids":["870970-basis:28126727","870970-basis:27597726"],"expires":"2016-08-01","library":"DK-100451","phone":"123454","address":"ADDRESS","email":"EMAIL","agencyId":"DK-100451","userId":"XXXXX","userPincode":"XXXXX","authentication.groupIdAut":"XXXXX","authentication.passwordAut":"XXXXX","authentication.userIdAut":"XXXXX","outputType":"json","serviceRequester":"190101","createTest":"order-multiple-pids-ordered"}
#order {"pids":["870970-basis:28126727"],"expires":"2014-08-01","library":"DK-100451","phone":"123454","address":"ADDRESS","email":"EMAIL","createTest":"order-past-date"}
#order {"pids":["870970-basis:28126727"],"expires":"2016-018-01","library":"DK-100451","phone":"123454","address":"ADDRESS","email":"EMAIL","createTest":"order-invalid-date"}
#order {"pids":["870970-basis:28126727"],"expires":"2016-08-01","library":"DK-100451","phone":"123454","address":"ADDRESS","email":"EMAIL","agencyId":"DK-100451","userId":"XXXXX","userPincode":"XXXXX","authentication.groupIdAut":"XXXXX","authentication.passwordAut":"XXXXX","authentication.userIdAut":"XXXXX","outputType":"json","serviceRequester":"190101","createTest":"order-single-pid-ordered"}
order {"pids":[],"expires":"2016-08-01","library":"DK-100451","phone":"123454","address":"ADDRESS","email":"EMAIL","createTest":"order-no-pids-in-pidlist"}
rank {"pids":["870970-basis:28511663","870970-basis:28902239"],"like":["870970-basis:45488713","870970-basis:28643713"],"createTest":"rank-happy"}
recommend {"like":["870970-basis:45488713","870970-basis:28643713","870970-basis:29494940","870970-basis:29386404","870970-basis:28429576"],"recommender":"default","limit":10,"createTest":"recommend-default"}
recommend {"like":["870970-basis:45488713","870970-basis:28643713","870970-basis:29494940","870970-basis:29386404","870970-basis:28429576"],"recommender":"default","limit":10,"createTest":"recommend-default-explicit"}
recommend {"recommender":"popular","limit":3,"createTest":"recommend-popular"}
recommend {"recommender":"WAT!?","createTest":"recommend-error-wrong-recommender"}
#renew {"loanId":"NCIPMDAxOXwwMDAwMDMyNDg0fFJvc2VuLCBNaWNoYWVsfFNtdXR8fHw=","createTest":"renew-existing-loanid"}
renew {"loanId":"non-existing","createTest":"renew-non-existing-loanid"}
search {"q":"harry AND potter","fields":["identifier","title","collection","subjectDBCF","hasAdaptation"],"sort":"invalid_sort","createTest":"search_invalid_sort"}
search {"q":"harry ","fields":["identifier","title","collection","subjectDBCF","hasAdaptation","coverUrlFull"],"sort":"rank_title","createTest":"seach_sort"}
search {"q":"hest","createTest":"search_simple"}
search {"q":"ost","fields":["pid","creator","coverUrlFull"],"limit":3,"createTest":"search_coverUrl_limit"}
search {"q":"ost","fields":["pid","title","creator","coverDataUrl117"],"limit":3,"createTest":"search_coverDataUrl"}
suggest {"q":"fisk","type":"subject","limit":3,"createTest":"suggest-subject"}
suggest {"q":"herlev","type":"library","limit":3,"createTest":"suggest-library"}
suggest {"q":"herlev","type":"unsupported","limit":3,"createTest":"suggest-unsupported-type"}
suggest {"q":"hest","type":"title","limit":3,"createTest":"suggest-title"}
suggest {"q":"rowling","type":"creator","limit":3,"createTest":"suggest-creator"}
#user {"createTest":"user-get-user-info"}
