availability {"pid": "870970-basis:51989252"}
availability {"pid": "870970-basis:22503030"}
events {"fields": ["title", "changed", "nid", "field_ding_event_title_image"]}
facets {"q" : "harry"}
facets {"q" : "harry AND potter", "fields": ["creator"], "limit": 20}
libraries {"limit": 10, "agencyIds": ["717500"], "fields": ["agencyId", "orderParameters"]}
libraries {"limit": 10, "branchIds": ["717500","717501","717502"], "fields": ["agencyId", "branchId", "orderParameters"]}
news {"fields": ["title", "changed", "nid", "field_ding_news_list_image"]}
news {"nids": ["19", "40"], "fields": ["title", "changed", "nid", "field_ding_news_list_image"]}
order {}
rank {}
recommend { "likes":["870970-basis:27266428"], "limit":10}
renew {}
search {}
search {"q" : "hest"}
search {"q" : "ost", "fields": ["creator", "coverUrlFull"], "limit": 3}
search { "q": "harry AND potter", "fields": ["identifier", "title", "collection", "subjectDBCF", "hasAdaptation", "coverUrlFull"], "sort": "rank_title"}
search { "q": "harry AND potter", "fields": ["identifier", "title", "collection", "subjectDBCF", "hasAdaptation"], "sort": "default" }
suggest {"q" : "harr", "type": "creator"}
suggest {"q" : "harr", "type": "title"}
suggest {"q" : "køge", "type": "library"}
suggest {"q" : "os", "type": "subject", "limit": 3}
user {}
work {"pids": ["870970-basis:27266428"]}
work {"pids": ["300185-katalog:100562332", "870970-basis:51989252", "870971-forfweb:86203219", "870970-basis:24284514"]}
work {"pids": ["300185-katalog:100562332", "870970-basis:51989252", "870971-forfweb:86203219", "870970-basis:24284514"], "fields": ["collection", "title"]}
work {"pids": ["300185-katalog:100562332", "870970-basis:51989252", "870971-forfweb:86203219", "870970-basis:24284514"], "fields": ["coverUrlFull", "title"]}
