

facets {"q" : "harry"}
{
  "statusCode": 200,
  "data": {
    "creator": [
      {
        "term": "joanne k. rowling",
        "frequency": 112
      },
      {
        "term": "jo nesbø",
        "frequency": 61
      },
      {
        "term": "michael connelly",
        "frequency": 44
      },
      {
        "term": "harry christophers",
        "frequency": 38
      },
      {
        "term": "the sixteen",
        "frequency": 34
      },
      {
        "term": "harry edison",
        "frequency": 29
      },
      {
        "term": "georg friedrich händel",
        "frequency": 27
      },
      {
        "term": "allan hilton andersen",
        "frequency": 26
      },
      {
        "term": "bent otto hansen",
        "frequency": 25
      },
      {
        "term": "harry nilsson",
        "frequency": 23
      }
    ],
    "subject": [
      {
        "term": "vokal",
        "frequency": 471
      },
      {
        "term": "usa",
        "frequency": 380
      },
      {
        "term": "rock",
        "frequency": 205
      },
      {
        "term": "england",
        "frequency": 202
      },
      {
        "term": "instrumental",
        "frequency": 196
      },
      {
        "term": "2000-2009",
        "frequency": 152
      },
      {
        "term": "danmark",
        "frequency": 152
      },
      {
        "term": "jazz",
        "frequency": 135
      },
      {
        "term": "1960-1969",
        "frequency": 131
      },
      {
        "term": "krimi",
        "frequency": 129
      }
    ],
    "language": [
      {
        "term": "engelsk",
        "frequency": 683
      },
      {
        "term": "dansk",
        "frequency": 589
      },
      {
        "term": "blandede sprog",
        "frequency": 189
      },
      {
        "term": "latin",
        "frequency": 18
      },
      {
        "term": "tysk",
        "frequency": 12
      },
      {
        "term": "italiensk",
        "frequency": 10
      },
      {
        "term": "russisk",
        "frequency": 8
      },
      {
        "term": "fransk",
        "frequency": 7
      },
      {
        "term": "svensk",
        "frequency": 7
      },
      {
        "term": "norsk",
        "frequency": 6
      }
    ],
    "date": [
      {
        "term": "2012",
        "frequency": 107
      },
      {
        "term": "2013",
        "frequency": 101
      },
      {
        "term": "2009",
        "frequency": 97
      },
      {
        "term": "2015",
        "frequency": 96
      },
      {
        "term": "2011",
        "frequency": 95
      },
      {
        "term": "2007",
        "frequency": 93
      },
      {
        "term": "2006",
        "frequency": 82
      },
      {
        "term": "2014",
        "frequency": 81
      },
      {
        "term": "2004",
        "frequency": 78
      },
      {
        "term": "2005",
        "frequency": 78
      }
    ],
    "form": [
      {
        "term": "amerikanske film",
        "frequency": 40
      },
      {
        "term": "soundtracks",
        "frequency": 32
      },
      {
        "term": "computerspil",
        "frequency": 30
      },
      {
        "term": "biografier",
        "frequency": 27
      },
      {
        "term": "actionspil",
        "frequency": 20
      },
      {
        "term": "adventurespil",
        "frequency": 15
      },
      {
        "term": "engelske film",
        "frequency": 13
      },
      {
        "term": "undervisningsmaterialer",
        "frequency": 11
      },
      {
        "term": "erindringer",
        "frequency": 8
      },
      {
        "term": "håndbøger",
        "frequency": 8
      }
    ]
  }
}

facets {"q" : "harry AND potter", "fields": ["creator"], "limit": 20}
{
  "statusCode": 200,
  "data": {
    "creator": [
      {
        "term": "joanne k. rowling",
        "frequency": 112
      },
      {
        "term": "daniel radcliffe",
        "frequency": 21
      },
      {
        "term": "emma watson",
        "frequency": 21
      },
      {
        "term": "robbie coltrane",
        "frequency": 21
      },
      {
        "term": "rupert grint",
        "frequency": 21
      },
      {
        "term": "steve kloves",
        "frequency": 19
      },
      {
        "term": "david yates",
        "frequency": 16
      },
      {
        "term": "j.k. rowling",
        "frequency": 16
      },
      {
        "term": "stephen fry",
        "frequency": 15
      },
      {
        "term": "michael gambon",
        "frequency": 14
      },
      {
        "term": "jesper christensen (f. 1948)",
        "frequency": 13
      },
      {
        "term": "hanna lützen",
        "frequency": 12
      },
      {
        "term": "john williams (f. 1932)",
        "frequency": 12
      },
      {
        "term": "bill galliford",
        "frequency": 10
      },
      {
        "term": "ethan neuburg",
        "frequency": 10
      },
      {
        "term": "ralph fiennes",
        "frequency": 10
      },
      {
        "term": "tod edmondson",
        "frequency": 10
      },
      {
        "term": "helena bonham carter",
        "frequency": 9
      },
      {
        "term": "chris columbus",
        "frequency": 8
      },
      {
        "term": "richard griffiths",
        "frequency": 8
      }
    ]
  }
}

libraries {"limit": 10, "agencyIds": ["717500"], "fields": ["agencyId", "orderParameters"]}
{
  "statusCode": 200,
  "data": [
    {
      "agencyId": "717500",
      "orderParameters": [
        "customId",
        "pincode",
        "userName",
        "userAddress"
      ]
    },
    {
      "agencyId": "717500",
      "orderParameters": [
        "customId",
        "pincode",
        "userName",
        "userAddress"
      ]
    },
    {
      "agencyId": "717500",
      "orderParameters": [
        "customId",
        "pincode",
        "userName",
        "userAddress"
      ]
    }
  ]
}

search {}
{
  "statusCode": 400,
  "error": "missing q parameter"
}

search {"q" : "hest"}
{
  "statusCode": 200,
  "data": [
    {
      "collection": [
        "150043-atlas:8286"
      ],
      "collectionDetails": [
        {
          "accessType": [
            "online"
          ],
          "pid": [
            "150043-atlas:8286"
          ],
          "language": [
            "Dansk"
          ],
          "title": [
            "Hest"
          ],
          "titleFull": [
            "Hest"
          ],
          "type": [
            "Netdokument"
          ],
          "workType": [
            "book"
          ]
        }
      ],
      "acIdentifier": [
        "8286|150043"
      ],
      "identifierURI": [
        "http://historiskatlas.dk/Hest_(8286)"
      ],
      "acSource": [
        "Historisk Atlas"
      ],
      "dcTitle": [
        "Hest"
      ],
      "dcTitleFull": [
        "Hest"
      ],
      "subject": [
        "Kunst",
        "Skulpturer"
      ],
      "abstract": [
        "Agnete Ester Votborg Madsen (1923-1977)\nHest, u.å."
      ],
      "audience": [
        "voksenmaterialer"
      ],
      "publisher": [
        "Historisk Atlas"
      ],
      "typeBibDKType": [
        "Netdokument"
      ],
      "languageISO6392": [
        "dan"
      ],
      "dcLanguage": [
        "Dansk"
      ],
      "spatialCoordinates": [
        "10.427599112429400000000000000,55.366856304806300000000000000"
      ],
      "accessType": [
        "online"
      ],
      "pid": [
        "150043-atlas:8286"
      ],
      "language": [
        "Dansk"
      ],
      "title": [
        "Hest"
      ],
      "titleFull": [
        "Hest"
      ],
      "type": [
        "Netdokument"
      ],
      "workType": [
        "book"
      ]
    },
    {
      "collection": [
        "775100-katalog:06402917"
      ],
      "collectionDetails": [
        {
          "accessType": [
            "physical"
          ],
          "creator": [
            "Teaterværkstedet Den Blå Hest"
          ],
          "pid": [
            "775100-katalog:06402917"
          ],
          "language": [
            "Engelsk"
          ],
          "title": [
            "Teaterværkstedet Den blå Hest 1976-1986"
          ],
          "titleFull": [
            "Teaterværkstedet Den blå Hest 1976-1986"
          ],
          "type": [
            "Bog"
          ],
          "workType": [
            "book"
          ]
        }
      ],
      "acIdentifier": [
        "06402917|870970"
      ],
      "identifierISBN": [
        "87-982191-1-1"
      ],
      "acSource": [
        "Bibliotekskatalog"
      ],
      "dcTitle": [
        "Teaterværkstedet Den blå Hest 1976-1986"
      ],
      "dcTitleFull": [
        "Teaterværkstedet Den blå Hest 1976-1986"
      ],
      "subjectDK5": [
        "77.096"
      ],
      "subjectDK5Text": [
        "Teaterhistorie. Danmark"
      ],
      "subjectDBCF": [
        "Teaterværkstedet Den Blå Hest",
        "dansk teater",
        "historie*",
        "teater"
      ],
      "audience": [
        "voksenmaterialer"
      ],
      "publisher": [
        "Den blå Hest"
      ],
      "contributor": [
        "Teaterværkstedet Den Blå Hest"
      ],
      "date": [
        "1986"
      ],
      "typeBibDKType": [
        "Bog"
      ],
      "format": [
        "illustreret"
      ],
      "extent": [
        "102 sider"
      ],
      "languageISO6392": [
        "mul",
        "dan",
        "eng"
      ],
      "dcLanguage": [
        "Flere sprog",
        "Dansk",
        "Engelsk"
      ],
      "temporalDBCP": [
        "1970-1979",
        "1980-1989"
      ],
      "accessType": [
        "physical"
      ],
      "creator": [
        "Teaterværkstedet Den Blå Hest"
      ],
      "pid": [
        "775100-katalog:06402917"
      ],
      "language": [
        "Engelsk"
      ],
      "title": [
        "Teaterværkstedet Den blå Hest 1976-1986"
      ],
      "titleFull": [
        "Teaterværkstedet Den blå Hest 1976-1986"
      ],
      "type": [
        "Bog"
      ],
      "workType": [
        "book"
      ]
    },
    {
      "collection": [
        "775100-katalog:26476720",
        "870970-basis:50542882"
      ],
      "collectionDetails": [
        {
          "accessType": [
            "physical"
          ],
          "creator": [
            "Sarah Widdicombe"
          ],
          "pid": [
            "775100-katalog:26476720"
          ],
          "language": [
            "Dansk"
          ],
          "title": [
            "Den sunde hest"
          ],
          "titleFull": [
            "Den sunde hest : hold din hest sund i ryg, ben og tænder"
          ],
          "type": [
            "Bog"
          ],
          "workType": [
            "book"
          ]
        },
        {
          "accessType": [
            "online"
          ],
          "pid": [
            "870970-basis:50542882"
          ],
          "language": [
            "Dansk"
          ],
          "title": [
            "Den sunde hest"
          ],
          "titleFull": [
            "Den sunde hest : hvordan du holder din hests ryg, ben og tænder sunde"
          ],
          "type": [
            "Ebog"
          ],
          "workType": [
            "book"
          ]
        }
      ],
      "acIdentifier": [
        "26476720|870970"
      ],
      "identifierISBN": [
        "87-7857-483-8"
      ],
      "acSource": [
        "Bibliotekskatalog"
      ],
      "dcTitle": [
        "Den sunde hest"
      ],
      "dcTitleFull": [
        "Den sunde hest : hold din hest sund i ryg, ben og tænder"
      ],
      "subjectDK5": [
        "63.61"
      ],
      "subjectDK5Text": [
        "Heste"
      ],
      "subjectDBCF": [
        "heste",
        "pasning"
      ],
      "audience": [
        "voksenmaterialer"
      ],
      "publisher": [
        "Atelier"
      ],
      "contributor": [
        "Sarah Widdicombe"
      ],
      "date": [
        "2006"
      ],
      "typeBibDKType": [
        "Bog"
      ],
      "format": [
        "illustreret i farver"
      ],
      "extent": [
        "185 sider"
      ],
      "languageISO6392": [
        "dan"
      ],
      "dcLanguage": [
        "Dansk"
      ],
      "accessType": [
        "physical"
      ],
      "creator": [
        "Sarah Widdicombe"
      ],
      "pid": [
        "775100-katalog:26476720"
      ],
      "language": [
        "Dansk"
      ],
      "title": [
        "Den sunde hest"
      ],
      "titleFull": [
        "Den sunde hest : hold din hest sund i ryg, ben og tænder"
      ],
      "type": [
        "Bog"
      ],
      "workType": [
        "book"
      ]
    },
    {
      "collection": [
        "775100-katalog:29567085"
      ],
      "collectionDetails": [
        {
          "accessType": [
            "physical"
          ],
          "creator": [
            "Pia Halse"
          ],
          "pid": [
            "775100-katalog:29567085"
          ],
          "language": [
            "Dansk"
          ],
          "title": [
            "Tork og Hest"
          ],
          "titleFull": [
            "Tork og Hest"
          ],
          "type": [
            "Bog"
          ],
          "workType": [
            "book"
          ]
        }
      ],
      "acIdentifier": [
        "29567085|870970"
      ],
      "identifierISBN": [
        "9788771150445"
      ],
      "acSource": [
        "Bibliotekskatalog"
      ],
      "dcTitle": [
        "Tork og Hest"
      ],
      "dcTitleFull": [
        "Tork og Hest"
      ],
      "creatorAut": [
        "Louis Jensen (f. 1943)"
      ],
      "creatorSort": [
        "Jensen, Louis (f. 1943)"
      ],
      "subjectDK5Text": [
        "Skønlitteratur"
      ],
      "subjectDBCS": [
        "fantasi",
        "rejser",
        "venskab"
      ],
      "subjectDBCN": [
        "for 5 år",
        "for 6 år",
        "for 7 år",
        "for 8 år",
        "for højtlæsning"
      ],
      "subjectDK5": [
        "sk"
      ],
      "abstract": [
        "Torks vugge er en kuffert, og han drager tidligt ud i verden. Her møder han Hest, og de to venner har mange spændende oplevelse, før historien ender som alle gode eventyr og Tork får prinsessen"
      ],
      "descriptionSeries": [
        "Samhørende: Tork og Hest ; Tork og Hest - den store blyant ; Tork og Hest - på nye eventyr ; Tork og Hest - den porcelæne danserinde"
      ],
      "audience": [
        "børnematerialer"
      ],
      "version": [
        "1. oplag (2012)"
      ],
      "publisher": [
        "Alfa"
      ],
      "contributorIll": [
        "Pia Halse"
      ],
      "date": [
        "2012"
      ],
      "typeBibDKType": [
        "Bog"
      ],
      "format": [
        "illustreret i farver"
      ],
      "extent": [
        "48 sider"
      ],
      "languageISO6392": [
        "dan"
      ],
      "dcLanguage": [
        "Dansk"
      ],
      "accessType": [
        "physical"
      ],
      "creator": [
        "Pia Halse"
      ],
      "pid": [
        "775100-katalog:29567085"
      ],
      "language": [
        "Dansk"
      ],
      "title": [
        "Tork og Hest"
      ],
      "titleFull": [
        "Tork og Hest"
      ],
      "type": [
        "Bog"
      ],
      "workType": [
        "book"
      ]
    },
    {
      "collection": [
        "150033-dandyr:11942"
      ],
      "collectionDetails": [
        {
          "accessType": [
            "online"
          ],
          "creator": [
            "danske-dyr.dk"
          ],
          "pid": [
            "150033-dandyr:11942"
          ],
          "language": [
            "Dansk"
          ],
          "title": [
            "Jysk hest"
          ],
          "titleFull": [
            "Jysk hest"
          ],
          "type": [
            "Netdokument"
          ],
          "workType": [
            "book"
          ]
        }
      ],
      "acIdentifier": [
        "11942|150033"
      ],
      "identifierURI": [
        "http://bibliotek.danske-dyr.dk/Sv%C3%A6r/dyr/Jysk%20hest/"
      ],
      "acSource": [
        "Danske Dyr"
      ],
      "dcTitle": [
        "Jysk hest"
      ],
      "dcTitleFull": [
        "Jysk hest"
      ],
      "alternative": [
        "Den jyske hest"
      ],
      "creatorCom": [
        "danske-dyr.dk"
      ],
      "creatorSort": [
        "danske-dyr.dk"
      ],
      "subject": [
        "Zoologi",
        "Biologi"
      ],
      "audience": [
        "børnematerialer"
      ],
      "publisher": [
        "ConDidact A/S"
      ],
      "date": [
        "2009"
      ],
      "typeBibDKType": [
        "Netdokument"
      ],
      "dcLanguage": [
        "Dansk"
      ],
      "languageISO6392": [
        "dan"
      ],
      "rights": [
        "Copyright © 2016 ConDidact A/S"
      ],
      "accessType": [
        "online"
      ],
      "creator": [
        "danske-dyr.dk"
      ],
      "pid": [
        "150033-dandyr:11942"
      ],
      "language": [
        "Dansk"
      ],
      "title": [
        "Jysk hest"
      ],
      "titleFull": [
        "Jysk hest"
      ],
      "type": [
        "Netdokument"
      ],
      "workType": [
        "book"
      ]
    },
    {
      "collection": [
        "150033-dandyr:8802"
      ],
      "collectionDetails": [
        {
          "accessType": [
            "online"
          ],
          "creator": [
            "danske-dyr.dk"
          ],
          "pid": [
            "150033-dandyr:8802"
          ],
          "language": [
            "Dansk"
          ],
          "title": [
            "Hest"
          ],
          "titleFull": [
            "Hest"
          ],
          "type": [
            "Netdokument"
          ],
          "workType": [
            "book"
          ]
        }
      ],
      "acIdentifier": [
        "8802|150033"
      ],
      "identifierURI": [
        "http://bibliotek.danske-dyr.dk/Sv%C3%A6r/dyr/Hest/"
      ],
      "acSource": [
        "Danske Dyr"
      ],
      "dcTitle": [
        "Hest"
      ],
      "dcTitleFull": [
        "Hest"
      ],
      "alternative": [
        "Hesten"
      ],
      "creatorCom": [
        "danske-dyr.dk"
      ],
      "creatorSort": [
        "danske-dyr.dk"
      ],
      "subject": [
        "Dyr",
        "Hvirveldyr",
        "Pattedyr",
        "Uparretåede hovdyr",
        "Heste",
        "Zoologi",
        "Biologi"
      ],
      "audience": [
        "børnematerialer"
      ],
      "publisher": [
        "ConDidact A/S"
      ],
      "date": [
        "2009"
      ],
      "typeBibDKType": [
        "Netdokument"
      ],
      "dcLanguage": [
        "Dansk"
      ],
      "languageISO6392": [
        "dan"
      ],
      "rights": [
        "Copyright © 2016 ConDidact A/S"
      ],
      "accessType": [
        "online"
      ],
      "creator": [
        "danske-dyr.dk"
      ],
      "pid": [
        "150033-dandyr:8802"
      ],
      "language": [
        "Dansk"
      ],
      "title": [
        "Hest"
      ],
      "titleFull": [
        "Hest"
      ],
      "type": [
        "Netdokument"
      ],
      "workType": [
        "book"
      ]
    },
    {
      "collection": [
        "775100-katalog:25230701",
        "775100-katalog:28250355"
      ],
      "collectionDetails": [
        {
          "accessType": [
            "physical"
          ],
          "pid": [
            "775100-katalog:25230701"
          ],
          "language": [
            "Dansk"
          ],
          "title": [
            "Den klassiske grunduddannelse af rytter & hest"
          ],
          "titleFull": [
            "Den klassiske grunduddannelse af rytter & hest"
          ],
          "type": [
            "Bog (Bind 1)"
          ],
          "workType": [
            "book"
          ]
        },
        {
          "accessType": [
            "physical"
          ],
          "pid": [
            "775100-katalog:28250355"
          ],
          "language": [
            "Dansk"
          ],
          "title": [
            "Den klassiske grunduddannelse af rytter & hest"
          ],
          "titleFull": [
            "Den klassiske grunduddannelse af rytter & hest"
          ],
          "type": [
            "Bog (bind 2)"
          ],
          "workType": [
            "book"
          ]
        }
      ],
      "acIdentifier": [
        "25230701|870970"
      ],
      "identifierISBN": [
        "87-986757-5-3"
      ],
      "acSource": [
        "Bibliotekskatalog"
      ],
      "source": [
        "Richtlinien für Reiten und Fahren, Grundausbildung für Reiter und Pferd"
      ],
      "dcTitle": [
        "Den klassiske grunduddannelse af rytter & hest"
      ],
      "dcTitleFull": [
        "Den klassiske grunduddannelse af rytter & hest. Bind 1"
      ],
      "alternative": [
        "Rytter & hest",
        "Rytter og hest",
        "Den klassiske grunduddannelse af rytter og hest"
      ],
      "subjectDK5": [
        "79.65"
      ],
      "subjectDK5Text": [
        "Ridning. Hestesport"
      ],
      "subjectDBCF": [
        "dressur",
        "heste",
        "hestesport",
        "konkurrenceridning",
        "military",
        "ridning",
        "spring",
        "træning"
      ],
      "description": [
        "Indhold: Rytterens grunduddannelse ; Grundlæggende øvelser ; Hestens grunduddannelse ; Råd om og vejledning i at ride konkurrencer"
      ],
      "audience": [
        "børnematerialer"
      ],
      "publisher": [
        "Dansk Ride Forbund",
        "Wiegaarden"
      ],
      "contributor": [
        "Jytte Lemkow",
        "Dansk Ride-Forbund"
      ],
      "date": [
        "2004"
      ],
      "typeBibDKType": [
        "Bog"
      ],
      "format": [
        "illustreret i farver"
      ],
      "extent": [
        "248 sider",
        "bind"
      ],
      "languageISO6392": [
        "dan"
      ],
      "dcLanguage": [
        "Dansk"
      ],
      "accessType": [
        "physical"
      ],
      "pid": [
        "775100-katalog:25230701"
      ],
      "language": [
        "Dansk"
      ],
      "title": [
        "Den klassiske grunduddannelse af rytter & hest"
      ],
      "titleFull": [
        "Den klassiske grunduddannelse af rytter & hest"
      ],
      "type": [
        "Bog (Bind 1)"
      ],
      "workType": [
        "book"
      ]
    },
    {
      "collection": [
        "775100-katalog:28446594"
      ],
      "collectionDetails": [
        {
          "accessType": [
            "physical"
          ],
          "creator": [
            "Gerd Heuschmann"
          ],
          "pid": [
            "775100-katalog:28446594"
          ],
          "language": [
            "Dansk"
          ],
          "title": [
            "Min hest har næsen forrest!"
          ],
          "titleFull": [
            "Min hest har næsen forrest! : rid rigtigt og få en sund hest"
          ],
          "type": [
            "Bog"
          ],
          "workType": [
            "book"
          ]
        }
      ],
      "acIdentifier": [
        "28446594|870970"
      ],
      "identifierISBN": [
        "9788721036102"
      ],
      "acSource": [
        "Bibliotekskatalog"
      ],
      "source": [
        "Mein Pferd hat die Nase vorn!"
      ],
      "dcTitle": [
        "Min hest har næsen forrest!"
      ],
      "dcTitleFull": [
        "Min hest har næsen forrest! : rid rigtigt og få en sund hest"
      ],
      "creatorAut": [
        "Gerd Heuschmann"
      ],
      "creatorSort": [
        "Heuschmann, Gerd"
      ],
      "subjectDK5": [
        "79.65"
      ],
      "subjectDK5Text": [
        "Ridning. Hestesport"
      ],
      "subjectDBCF": [
        "dressur",
        "heste",
        "rideheste",
        "ridning",
        "sundhed"
      ],
      "subjectDBCN": [
        "for 14 år",
        "for 15 år",
        "for 16 år"
      ],
      "description": [
        "Indhold: Det ømme punkt ; Klassisk ridekunst ; Opstaldning af din hest ; Din hests anatomi ; Uddannelse af heste ; Du og din hest"
      ],
      "audience": [
        "børnematerialer"
      ],
      "version": [
        "1. udgave, 1. oplag (2010)"
      ],
      "publisher": [
        "Borgen"
      ],
      "contributorTrl": [
        "Birgitte Eggeling"
      ],
      "contributorIll": [
        "Katharina Rücker-Weininger",
        "Kaja Möbius"
      ],
      "date": [
        "2010"
      ],
      "typeBibDKType": [
        "Bog"
      ],
      "format": [
        "ill i farver"
      ],
      "extent": [
        "141 sider"
      ],
      "languageISO6392": [
        "dan"
      ],
      "dcLanguage": [
        "Dansk"
      ],
      "accessType": [
        "physical"
      ],
      "creator": [
        "Gerd Heuschmann"
      ],
      "pid": [
        "775100-katalog:28446594"
      ],
      "language": [
        "Dansk"
      ],
      "title": [
        "Min hest har næsen forrest!"
      ],
      "titleFull": [
        "Min hest har næsen forrest! : rid rigtigt og få en sund hest"
      ],
      "type": [
        "Bog"
      ],
      "workType": [
        "book"
      ]
    },
    {
      "collection": [
        "150043-atlas:2760"
      ],
      "collectionDetails": [
        {
          "accessType": [
            "online"
          ],
          "pid": [
            "150043-atlas:2760"
          ],
          "language": [
            "Dansk"
          ],
          "title": [
            "Christian IVs redningsmand"
          ],
          "titleFull": [
            "Christian IVs redningsmand"
          ],
          "type": [
            "Netdokument"
          ],
          "workType": [
            "book"
          ]
        }
      ],
      "acIdentifier": [
        "2760|150043"
      ],
      "identifierURI": [
        "http://historiskatlas.dk/Christian_IVs_redningsmand_(2760)"
      ],
      "acSource": [
        "Historisk Atlas"
      ],
      "dcTitle": [
        "Christian IVs redningsmand"
      ],
      "dcTitleFull": [
        "Christian IVs redningsmand"
      ],
      "subject": [
        "Mindesmærker",
        "Seværdigheder",
        "Litteratur",
        "Referencer",
        "Personer"
      ],
      "subjectGenre": [
        "Renæssance"
      ],
      "abstract": [
        "\"En hest! En hest! Mit kongerige for en hest!\" Sådan råbte Richard III i 1485 ifølge Shakespeare, da hans hest var blevet dræbt i slaget ved Bosworth. I Tjæreborg er en af deltagerne i et dansk sidestykke til den historie begravet, Wentzel Rothkierck."
      ],
      "audience": [
        "voksenmaterialer"
      ],
      "publisher": [
        "Historisk Atlas"
      ],
      "typeBibDKType": [
        "Netdokument"
      ],
      "languageISO6392": [
        "dan"
      ],
      "dcLanguage": [
        "Dansk"
      ],
      "spatialCoordinates": [
        "8.583453387013350000000000000,55.4613264987002"
      ],
      "accessType": [
        "online"
      ],
      "pid": [
        "150043-atlas:2760"
      ],
      "language": [
        "Dansk"
      ],
      "title": [
        "Christian IVs redningsmand"
      ],
      "titleFull": [
        "Christian IVs redningsmand"
      ],
      "type": [
        "Netdokument"
      ],
      "workType": [
        "book"
      ]
    },
    {
      "collection": [
        "775100-katalog:28597584"
      ],
      "collectionDetails": [
        {
          "accessType": [
            "physical"
          ],
          "creator": [
            "Bettina Hvidemose"
          ],
          "pid": [
            "775100-katalog:28597584"
          ],
          "language": [
            "Dansk"
          ],
          "title": [
            "Indlæringspsykologi for hest og rytter"
          ],
          "titleFull": [
            "Indlæringspsykologi for hest og rytter : lær din hest at forstå dig!"
          ],
          "type": [
            "Bog"
          ],
          "workType": [
            "book"
          ]
        }
      ],
      "acIdentifier": [
        "28597584|870970"
      ],
      "identifierISBN": [
        "9788771141320"
      ],
      "acSource": [
        "Bibliotekskatalog"
      ],
      "dcTitle": [
        "Indlæringspsykologi for hest og rytter"
      ],
      "dcTitleFull": [
        "Indlæringspsykologi for hest og rytter : lær din hest at forstå dig!"
      ],
      "creatorAut": [
        "Bettina Hvidemose"
      ],
      "creatorSort": [
        "Hvidemose, Bettina"
      ],
      "subjectDK5": [
        "63.61"
      ],
      "subjectDK5Text": [
        "Heste"
      ],
      "subjectDBCF": [
        "adfærd",
        "dyrepsykologi",
        "heste",
        "kommunikation",
        "træning"
      ],
      "description": [
        "Indhold: Adfærd og baggrundsviden ; Indlæringsteori ; Træningsmetoder ; Eksempler på øvelser ; Eksempler på cases"
      ],
      "audience": [
        "voksenmaterialer"
      ],
      "version": [
        "1. oplag (2010)"
      ],
      "publisher": [
        "Books on Demand"
      ],
      "contributorIll": [
        "Martin Riis"
      ],
      "date": [
        "2010"
      ],
      "typeBibDKType": [
        "Bog"
      ],
      "format": [
        "illustreret i farver"
      ],
      "extent": [
        "132 sider"
      ],
      "languageISO6392": [
        "dan"
      ],
      "dcLanguage": [
        "Dansk"
      ],
      "accessType": [
        "physical"
      ],
      "creator": [
        "Bettina Hvidemose"
      ],
      "pid": [
        "775100-katalog:28597584"
      ],
      "language": [
        "Dansk"
      ],
      "title": [
        "Indlæringspsykologi for hest og rytter"
      ],
      "titleFull": [
        "Indlæringspsykologi for hest og rytter : lær din hest at forstå dig!"
      ],
      "type": [
        "Bog"
      ],
      "workType": [
        "book"
      ]
    }
  ]
}

search {"q" : "ost", "fields": ["creator", "coverUrlFull"], "limit": 3}
{
  "statusCode": 200,
  "data": [
    {
      "coverUrlFull": [
        "//moreinfo.addi.dk/2.1/more_info_get.php?id=44502234&type=forside_stor&key=94b93c4a678af22bf832"
      ]
    },
    {
      "coverUrlFull": [
        "//moreinfo.addi.dk/2.1/more_info_get.php?id=54073988&type=forside_stor&key=84ec86f168b368919bdf"
      ]
    },
    {
      "creator": [
        "Rie Boberg"
      ],
      "coverUrlFull": [
        "//moreinfo.addi.dk/2.1/more_info_get.php?id=24559198&type=forside_stor&key=1a63a6037d4877a74fb9"
      ]
    }
  ]
}

suggest {"q" : "harr", "type": "title"}
{
  "statusCode": 400,
  "error": "limit parameter must be a number"
}

suggest {"q" : "harr", "type": "creator"}
{
  "statusCode": 400,
  "error": "limit parameter must be a number"
}

suggest {"q" : "køge", "type": "library"}
{
  "statusCode": 400,
  "error": "limit parameter must be a number"
}

suggest {"q" : "os", "type": "subject"}
{
  "statusCode": 400,
  "error": "limit parameter must be a number"
}

user {}
{
  "statusCode": 200,
  "data": [
    {
      "loans": [
        {
          "loanId": "NCIPMDAxOXw5OTAwfHw5OTAwLnx8",
          "dueDate": "2016-03-18T00:00:00+01:00",
          "title": "9900."
        },
        {
          "loanId": "NCIPMDAxOXwyMDE0MDgwMXx8TW90b3J8fDIwMTQsIDA4fA==",
          "dueDate": "2016-03-18T00:00:00+01:00",
          "title": "Motor - 2014, 08"
        },
        {
          "loanId": "NCIPMDAxOXwyMDE0MTIwMXx8TW90b3J8fDIwMTQsIDEyfA==",
          "dueDate": "2016-03-18T00:00:00+01:00",
          "title": "Motor - 2014, 12"
        },
        {
          "loanId": "NCIPMDAxOXwyMDE0MDIwMXx8TW90b3J8fDIwMTQsIDAyfA==",
          "dueDate": "2016-03-18T00:00:00+01:00",
          "title": "Motor - 2014, 02"
        },
        {
          "loanId": "NCIPMDAxOXwyMDE0MDEyfHxLb21wdXRlciBmb3IgYWxsZXx8MjAxNCwgMDF8",
          "dueDate": "2016-03-18T00:00:00+01:00",
          "title": "Komputer for alle - 2014, 01"
        },
        {
          "loanId": "NCIPMDAxOXwwMDAwMDEzMTg4fEhvbHN0LCBIYW5uZS1WaWJla2V8RGV0ICZtaWRkb3Q7dmlya2VsaWdlIGxpdnx8fA==",
          "dueDate": "2016-03-18T00:00:00+01:00",
          "title": "Det ·virkelige liv",
          "author": "Holst, Hanne-Vibeke"
        },
        {
          "loanId": "NCIPMDAxOXwwMDAwMDMyNDg0fFJvc2VuLCBNaWNoYWVsfFNtdXR8fHw=",
          "dueDate": "2016-03-18T00:00:00+01:00",
          "title": "Smut",
          "author": "Rosen, Michael"
        }
      ],
      "orders": [
        {
          "title": "Komputer for alle - 2015, 02",
          "orderId": "NCIPMDAxOXwxNS0wNC0yMDE1IDE1OjUzOjE4fHxLb21wdXRlciBmb3IgYWxsZXx8MjAxNSwgMDJ8MQ==",
          "orderDate": "2015-04-15T00:00:00+02:00",
          "status": "In process",
          "type": "Hold",
          "library": "DK-100451",
          "holdQueuePosition": "1"
        },
        {
          "title": "Hvis din hest er død - så stå af",
          "orderId": "NCIPMDAxOXwxOS0wNS0yMDE1IDE0OjI1OjAxfExhbmdlLCBLYXJpbmF8SHZpcyBkaW4gaGVzdCBlciBkJm9zbGFzaDtkIC0gcyZhcmluZzsgc3QmYXJpbmc7IGFmfHx8MQ==",
          "orderDate": "2015-05-19T00:00:00+02:00",
          "status": "In process",
          "type": "Hold",
          "library": "DK-100451",
          "holdQueuePosition": "1",
          "author": "Lange, Karina"
        },
        {
          "title": "Livet på Skagen omkring år 1900",
          "orderId": "NCIPMDAxOXwxMi0wOC0yMDE1IDA5OjI1OjAxfFZpbGxhZHNlbiwgT2xlIEgufExpdmV0IHAmYXJpbmc7IFNrYWdlbiBvbWtyaW5nICZhcmluZztyIDE5MDB8fHwx",
          "orderDate": "2015-08-12T00:00:00+02:00",
          "status": "In process",
          "type": "Hold",
          "library": "DK-100451",
          "holdQueuePosition": "1",
          "author": "Villadsen, Ole H."
        },
        {
          "title": "Hvis din hest er død - så stå af",
          "orderId": "NCIPMDAxOXwxOS0wMi0yMDE2IDEzOjU1OjAyfExhbmdlLCBLYXJpbmF8SHZpcyBkaW4gaGVzdCBlciBkJm9zbGFzaDtkIC0gcyZhcmluZzsgc3QmYXJpbmc7IGFmfHx8MQ==",
          "orderDate": "2016-02-19T00:00:00+01:00",
          "status": "In process",
          "type": "Hold",
          "library": "DK-100451",
          "holdQueuePosition": "1",
          "author": "Lange, Karina"
        }
      ]
    }
  ]
}

work {"pids": ["300185-katalog:100562332", "870970-basis:51989252", "870971-forfweb:86203219", "870970-basis:24284514"]}
{
  "statusCode": 200,
  "data": [
    {},
    {
      "acIdentifier": [
        "51989252|870970"
      ],
      "identifierISBN": [
        "9788702179859"
      ],
      "acSource": [
        "Bibliotekskatalog"
      ],
      "source": [
        "Harry Potter and the philosopher's stone"
      ],
      "dcTitle": [
        "Harry Potter og de vises sten"
      ],
      "dcTitleFull": [
        "Harry Potter og de vises sten (ill. Jim Kay)"
      ],
      "creatorAut": [
        "Joanne K. Rowling"
      ],
      "creatorSort": [
        "Rowling, Joanne K."
      ],
      "subjectDK5Text": [
        "Skønlitteratur"
      ],
      "subjectDBCS": [
        "fantasy",
        "magi",
        "troldmænd"
      ],
      "subjectGenre": [
        "fantasy"
      ],
      "subjectDBCN": [
        "for 11 år",
        "for 12 år",
        "for 13 år",
        "for 14 år",
        "for 15 år",
        "for 16 år"
      ],
      "subjectDK5": [
        "sk"
      ],
      "abstract": [
        "Fantasy. Den 11-årige forældreløse dreng Harry Potter bliver adopteret af sin onkel og tante som ikke bryder sig om ham. Han har trolddomsblod i årerne og bliver optaget på en skole for trolddomskyndige. Her får han nye venner og fjender"
      ],
      "description": [
        "I kolofonen fejlagtigt: 7. udgave"
      ],
      "descriptionSeries": [
        "Samhørende: Harry Potter og De Vises Sten ; Harry Potter og Hemmelighedernes Kammer ; Harry Potter og fangen fra Azkaban ; Harry Potter og Flammernes Pokal ; Harry Potter og Fønixordenen ; Harry Potter og halvblodsprinsen ; Harry Potter og dødsregalierne"
      ],
      "audience": [
        "børnematerialer"
      ],
      "version": [
        "1. illustrerede udgave, 1. oplag (2015)"
      ],
      "publisher": [
        "Gyldendal"
      ],
      "contributorIll": [
        "Jim Kay"
      ],
      "contributorTrl": [
        "Hanna Lützen"
      ],
      "date": [
        "2015"
      ],
      "typeBibDKType": [
        "Bog"
      ],
      "format": [
        "illustreret i farver"
      ],
      "extent": [
        "246 sider"
      ],
      "languageISO6392": [
        "dan"
      ],
      "dcLanguage": [
        "Dansk"
      ],
      "accessType": [
        "physical"
      ],
      "creator": [
        "Joanne K. Rowling"
      ],
      "fedoraPid": [
        "870970-basis:51989252"
      ],
      "pid": [
        "870970-basis:51989252"
      ],
      "language": [
        "Dansk"
      ],
      "title": [
        "Harry Potter og de vises sten"
      ],
      "titleFull": [
        "Harry Potter og de vises sten"
      ],
      "type": [
        "Bog"
      ],
      "workType": [
        "book"
      ],
      "hasAdaptation": [
        "775100-katalog:27963390",
        "870970-basis:27123279",
        "870970-basis:27123228",
        "775100-katalog:24933946",
        "870970-basis:24284565",
        "870970-basis:51273532",
        "870970-basis:24284514",
        "870970-basis:24347370",
        "870970-basis:24229157",
        "870970-basis:28995946",
        "870970-basis:29884579"
      ],
      "hasReview": [
        "150005-anmeld:59884",
        "150005-anmeld:60803",
        "870971-anmeld:36701064",
        "870971-anmeld:36762675",
        "870971-anmeld:36849800",
        "870976-anmeld:31236541"
      ],
      "hasCreatorDescription": [
        "870971-forfweb:86203219"
      ]
    },
    {
      "acIdentifier": [
        "86203219|870971"
      ],
      "identifierURI": [
        "http://www.forfatterweb.dk/oversigt/rowling00"
      ],
      "acSource": [
        "Forfatterweb"
      ],
      "dcTitle": [
        "Joanne K. Rowling"
      ],
      "dcTitleFull": [
        "Joanne K. Rowling"
      ],
      "titleSeries": [
        "Forfatterweb for børn & unge"
      ],
      "dcCreator": [
        "Pia Andersen Høg"
      ],
      "creatorSort": [
        "Høg, Pia Andersen"
      ],
      "subjectDK5": [
        "99.4 Rowling, Joanne K."
      ],
      "subjectDK5Text": [
        "Biografier af enkelte personer"
      ],
      "subjectDBCF": [
        "Joanne K. Rowling",
        "børnelitteratur",
        "engelsk litteratur",
        "fantasy",
        "litteratur"
      ],
      "subjectSort": [
        "Rowling, Joanne K."
      ],
      "subjectGenre": [
        "forfatterportræt"
      ],
      "description": [
        "Bibliografier og links opdateres to gange årligt"
      ],
      "audience": [
        "voksenmaterialer"
      ],
      "date": [
        "2008"
      ],
      "typeBibDKType": [
        "Artikel"
      ],
      "languageISO6392": [
        "dan"
      ],
      "dcLanguage": [
        "Dansk"
      ],
      "isPartOf": [
        "Forfatterweb, 2008"
      ],
      "accessType": [
        "online"
      ],
      "fedoraPid": [
        "870971-forfweb:86203219"
      ],
      "pid": [
        "870971-forfweb:86203219"
      ],
      "partOf": [
        "Forfatterweb, 2008"
      ],
      "title": [
        "Joanne K. Rowling"
      ],
      "titleFull": [
        "Joanne K. Rowling"
      ],
      "type": [
        "Artikel"
      ],
      "workType": [
        "article"
      ],
      "hasOnlineAccess": [
        "http://www.forfatterweb.dk/oversigt/rowling00"
      ]
    },
    {
      "acIdentifier": [
        "24284514|870970"
      ],
      "acSource": [
        "Bibliotekskatalog"
      ],
      "source": [
        "Harry Potter and the sorcerer's stone"
      ],
      "dcTitle": [
        "Harry Potter og de vises sten"
      ],
      "dcTitleFull": [
        "Harry Potter og de vises sten (Danske stemmer)"
      ],
      "creatorDrt": [
        "Chris Columbus"
      ],
      "creatorSort": [
        "Columbus, Chris"
      ],
      "subjectDK5": [
        "77.7"
      ],
      "subjectDK5Text": [
        "Spillefilm"
      ],
      "subjectDBCS": [
        "drenge",
        "kostskoler",
        "magi",
        "troldmænd"
      ],
      "abstract": [
        "Harry Potter er et uønsket hittebarn, men da han fylder elleve år, forandres hans liv for altid. Han har magiske evner og skal være studerende på en kostskole for troldmænd. Her får han brug for alle sine evner for at løse mysteriet om de vises sten"
      ],
      "description": [
        "Danske stemmer Philip Christian Schmølker Hornehøj, Naja Iven Ulstrup, Allan Hyde, Rasmus Albeck, William Høeg, Sebastian Jessen, Sonny Lahey, Kit Eichler, Andreas Jessen ... et al."
      ],
      "descriptionSeries": [
        "Samhørende: Harry Potter og de vises sten ; Harry Potter og Hemmelighedernes kammer"
      ],
      "audienceMedieraad": [
        "Mærkning: Tilladt for alle men frarådes børn under 7 år"
      ],
      "audienceAge": [
        "Fra 9 år"
      ],
      "audience": [
        "voksenmaterialer"
      ],
      "publisher": [
        "Sandrew Metronome"
      ],
      "contributor": [
        "Chris Columbus",
        "Steve Kloves",
        "Joanne K. Rowling",
        "John Seale"
      ],
      "contributorAct": [
        "Daniel Radcliffe",
        "Rupert Grint",
        "Emma Watson",
        "John Cleese",
        "Robbie Coltrane",
        "Richard Griffiths",
        "Richard Harris",
        "Ian Hart",
        "John Hurt"
      ],
      "date": [
        "2002"
      ],
      "typeBibDKType": [
        "Video"
      ],
      "format": [
        "1 kassette, VHS, letterbox, surround"
      ],
      "extent": [
        "2 t., 26 min."
      ],
      "languageISO6392": [
        "dan"
      ],
      "dcLanguage": [
        "Dansk"
      ],
      "isAdaptationOf": [
        "775100-katalog:23195151",
        "775100-katalog:29317038",
        "775100-katalog:25194853",
        "775100-katalog:22629344",
        "870970-basis:22513354",
        "870970-basis:23148048",
        "870970-basis:22441671",
        "775100-katalog:22252852",
        "870970-basis:24343081",
        "870970-basis:26178533",
        "775100-katalog:27638708",
        "870970-basis:24168638",
        "775100-katalog:51980247",
        "775100-katalog:51989252"
      ]
    }
  ]
}

work {"pids": ["300185-katalog:100562332", "870970-basis:51989252", "870971-forfweb:86203219", "870970-basis:24284514"], "fields": ["collection", "title"]}
{
  "statusCode": 500,
  "error": "TypeError: Cannot read property 'collection' of undefined"
}

work {"pids": ["300185-katalog:100562332", "870970-basis:51989252", "870971-forfweb:86203219", "870970-basis:24284514"], "fields": ["coverUrlFull", "title"]}
{
  "statusCode": 200,
  "data": [
    {},
    {
      "coverUrlFull": [
        "//moreinfo.addi.dk/2.1/more_info_get.php?id=64951376&type=forside_stor&key=c64ba7c3e77ccd89137f"
      ],
      "title": [
        "Harry Potter og de vises sten"
      ]
    },
    {
      "title": [
        "Joanne K. Rowling"
      ]
    },
    {}
  ]
}

news {"fields": ["title", "changed", "nid", "field_ding_news_list_image"]}
{
  "statusCode": 200,
  "data": [
    {
      "title": {
        "name": "Titel",
        "value": "Sportsstjerner - bag facaden",
        "attr": []
      },
      "changed": {
        "name": "Opdateret",
        "value": 1451918109,
        "attr": []
      },
      "nid": 19,
      "field_ding_news_list_image": {
        "name": "List image",
        "value": [
          "files/775100/7268c0e6792000b897cea1d0dff628bd41117017.jpeg"
        ],
        "attr": [
          "image/jpeg"
        ]
      }
    },
    {
      "title": {
        "name": "Titel",
        "value": "Bagud med danskopgaven ? her er hjælp til dig",
        "attr": []
      },
      "changed": {
        "name": "Opdateret",
        "value": 1454401649,
        "attr": []
      },
      "nid": 40,
      "field_ding_news_list_image": {
        "name": "List image",
        "value": [
          "files/775100/97d745b02862cde44e9f4a431e0da175608760b7.jpeg"
        ],
        "attr": [
          "image/jpeg"
        ]
      }
    },
    {
      "title": {
        "name": "Titel",
        "value": "AFB test nyhed",
        "attr": []
      },
      "changed": {
        "name": "Opdateret",
        "value": 1454692591,
        "attr": []
      },
      "nid": 36,
      "field_ding_news_list_image": {
        "name": "List image",
        "value": [
          "files/775100/9daae4251ddd2684efe21a6164500fb309919c83.jpeg"
        ],
        "attr": [
          "image/jpeg"
        ]
      }
    },
    {
      "title": {
        "name": "Titel",
        "value": "Vil du interviewes om eReolen?",
        "attr": []
      },
      "changed": {
        "name": "Opdateret",
        "value": 1454692950,
        "attr": []
      },
      "nid": 41,
      "field_ding_news_list_image": {
        "name": "List image",
        "value": [
          "files/775100/e60c0aca678c0f7dfccb9b30bf705f8142471c56.jpeg"
        ],
        "attr": [
          "image/jpeg"
        ]
      }
    }
  ]
}

events {"fields": ["title", "changed", "nid", "field_ding_event_title_image"]}
{
  "statusCode": 200,
  "data": [
    {
      "title": {
        "name": "Titel",
        "value": "Mød forfatteren: Tim Buk-Swienty",
        "attr": []
      },
      "changed": {
        "name": "Opdateret",
        "value": 1452689863,
        "attr": []
      },
      "nid": 15,
      "field_ding_event_title_image": {
        "name": "Title image",
        "value": [
          "files/775100/581328cef1630f7c4ca26a5ad814b8edb214f0d2.jpeg"
        ],
        "attr": [
          "image/jpeg"
        ]
      }
    }
  ]
}

news {"nids": ["19", "40"], "fields": ["title", "changed", "nid", "field_ding_news_list_image"]}
{
  "statusCode": 200,
  "data": [
    {
      "title": {
        "name": "Titel",
        "value": "Sportsstjerner - bag facaden",
        "attr": []
      },
      "changed": {
        "name": "Opdateret",
        "value": 1451918109,
        "attr": []
      },
      "nid": 19,
      "field_ding_news_list_image": {
        "name": "List image",
        "value": [
          "files/775100/7268c0e6792000b897cea1d0dff628bd41117017.jpeg"
        ],
        "attr": [
          "image/jpeg"
        ]
      }
    },
    {
      "title": {
        "name": "Titel",
        "value": "Bagud med danskopgaven ? her er hjælp til dig",
        "attr": []
      },
      "changed": {
        "name": "Opdateret",
        "value": 1454401649,
        "attr": []
      },
      "nid": 40,
      "field_ding_news_list_image": {
        "name": "List image",
        "value": [
          "files/775100/97d745b02862cde44e9f4a431e0da175608760b7.jpeg"
        ],
        "attr": [
          "image/jpeg"
        ]
      }
    }
  ]
}
